===== 2026-06-05T09:47:11+01:00  bit_depth  (3 seeds, ALONE) =====
Subtractive: bit_depth bits=(2, 5) apply_p=1.0 | pca p=0.5 min_kept=1 mask='all' apply_p=1.0
compare_methods | methods=['bit_depth'] runs=3 max_epochs=50 jsd=True
Warming up...
Warmup complete.

method                   run   val_acc       res      blur      corr   ep
-------------------------------------------------------------------------
bit_depth                  0    0.8971    0.1488    0.6545    0.6460   47
bit_depth                  1    0.8991    0.1325    0.6168    0.6443   50
bit_depth                  2    0.8943    0.1269    0.6334    0.6354   46
Wrote results/phase2_subtractive/bit_depth_224_3seed.json
===== 2026-06-05T13:24:24+01:00  pca_color  (3 seeds, ALONE) =====
Subtractive: bit_depth bits=(2, 5) apply_p=1.0 | pca p=0.5 min_kept=1 mask='all' apply_p=1.0
compare_methods | methods=['pca_color'] runs=3 max_epochs=50 jsd=True
Warming up...
Warmup complete.

method                   run   val_acc       res      blur      corr   ep
-------------------------------------------------------------------------
pca_color                  0    0.8907    0.2206    0.7503    0.6059   50
pca_color                  1    0.8874    0.2046    0.7524    0.6061   50
pca_color                  2    0.8856    0.2227    0.7648    0.6181   50
Wrote results/phase2_subtractive/pca_color_224_3seed.json
SUBTRACTIVE_ALONE_DONE 2026-06-05T18:07:54+01:00
