2026-06-02T21:29:40+01:00  waiting for de-risk to land cifar_results/cifar_eval_cifar10_band_drop_all_p_augmix_seed0.json (timeout 86400s)
2026-06-03T07:47:41+01:00  de-risk trigger seen. Sleeping 60s as grace then firing reviewer-defense.
======================================================================
  2026-06-03T07:48:41+01:00  Imagenette-224 band_drop_all+JSD --band-mask hf_only
======================================================================
Overriding band_mask = 'hf_only'
compare_methods | methods=['band_drop_all'] runs=1 max_epochs=50 jsd=True
Warming up...
Warmup complete.

method                   run   val_acc       res      blur      corr   ep
-------------------------------------------------------------------------
band_drop_all              0    0.8746    0.1954    0.8716    0.7492   42
Wrote bandmask_hf_only_224.json
======================================================================
  2026-06-03T08:55:16+01:00  Imagenette-224 band_drop_all+JSD --band-mask lf_only
======================================================================
Overriding band_mask = 'lf_only'
compare_methods | methods=['band_drop_all'] runs=1 max_epochs=50 jsd=True
Warming up...
Warmup complete.

method                   run   val_acc       res      blur      corr   ep
-------------------------------------------------------------------------
band_drop_all              0    0.9073    0.1039    0.6609    0.5885   49
Wrote bandmask_lf_only_224.json
======================================================================
  2026-06-03T09:29:14+01:00  CIFAR-10 band_drop_all+augmix --band-mask hf_only
======================================================================
Augmentation method: band_drop_all+augmix | JSD: True | seed: 0
/home/joytoy/miniconda3/lib/python3.13/site-packages/torchvision/datasets/cifar.py:83: VisibleDeprecationWarning: dtype(): align should be passed as Python or NumPy boolean but got `align=0`. Did you mean to pass a tuple to create a subarray type? (Deprecated NumPy 2.4)
  entry = pickle.load(f, encoding="latin1")
Beginning training from epoch: 1
Train Loss 0.235
Train Loss 1.965
Train Loss 1.854
Train Loss 1.796
Train Loss 1.707
Train Loss 1.651
Train Loss 1.560
Train Loss 1.528
Epoch   1 | Time   388 | Train Loss 1.4923 | Test Loss 0.001 | Test Error 47.53
Train Loss 0.138
Train Loss 1.440
Train Loss 1.350
Train Loss 1.328
Train Loss 1.296
Train Loss 1.265
Train Loss 1.253
Train Loss 1.234
Epoch   2 | Time   517 | Train Loss 1.2288 | Test Loss 0.001 | Test Error 36.38
Train Loss 0.121
Train Loss 1.199
Train Loss 1.181
Train Loss 1.139
Train Loss 1.114
Train Loss 1.088
Train Loss 1.075
Train Loss 1.099
Epoch   3 | Time   517 | Train Loss 1.0386 | Test Loss 0.001 | Test Error 29.75
Train Loss 0.094
Train Loss 1.023
Train Loss 1.001
Train Loss 0.980
Train Loss 1.002
Train Loss 0.952
Train Loss 0.963
Train Loss 0.964
Epoch   4 | Time   515 | Train Loss 0.9594 | Test Loss 0.001 | Test Error 30.15
Train Loss 0.097
Train Loss 0.929
Train Loss 0.917
Train Loss 0.896
Train Loss 0.933
Train Loss 0.909
Train Loss 0.906
Train Loss 0.903
Epoch   5 | Time   518 | Train Loss 0.8996 | Test Loss 0.001 | Test Error 22.63
Train Loss 0.083
Train Loss 0.839
Train Loss 0.919
Train Loss 0.868
Train Loss 0.872
Train Loss 0.870
Train Loss 0.873
Train Loss 0.870
Epoch   6 | Time   518 | Train Loss 0.8152 | Test Loss 0.001 | Test Error 19.89
Train Loss 0.083
Train Loss 0.845
Train Loss 0.836
Train Loss 0.863
Train Loss 0.844
Train Loss 0.805
Train Loss 0.816
Train Loss 0.809
Epoch   7 | Time   515 | Train Loss 0.8107 | Test Loss 0.001 | Test Error 21.89
Train Loss 0.086
Train Loss 0.787
Train Loss 0.812
Train Loss 0.819
Train Loss 0.783
Train Loss 0.816
Train Loss 0.816
Train Loss 0.805
Epoch   8 | Time   518 | Train Loss 0.8035 | Test Loss 0.001 | Test Error 17.80
Train Loss 0.085
Train Loss 0.762
Train Loss 0.769
Train Loss 0.808
Train Loss 0.795
Train Loss 0.828
Train Loss 0.787
Train Loss 0.754
Epoch   9 | Time   516 | Train Loss 0.8068 | Test Loss 0.001 | Test Error 18.74
Train Loss 0.068
Train Loss 0.771
Train Loss 0.778
Train Loss 0.770
Train Loss 0.770
Train Loss 0.766
Train Loss 0.795
Train Loss 0.739
Epoch  10 | Time   515 | Train Loss 0.7754 | Test Loss 0.001 | Test Error 19.42
Train Loss 0.084
Train Loss 0.701
Train Loss 0.781
Train Loss 0.769
Train Loss 0.758
Train Loss 0.786
Train Loss 0.755
Train Loss 0.775
Epoch  11 | Time   518 | Train Loss 0.7600 | Test Loss 0.001 | Test Error 17.22
Train Loss 0.085
Train Loss 0.723
Train Loss 0.704
Train Loss 0.723
Train Loss 0.723
Train Loss 0.749
Train Loss 0.758
Train Loss 0.754
Epoch  12 | Time   516 | Train Loss 0.7412 | Test Loss 0.001 | Test Error 17.45
Train Loss 0.066
Train Loss 0.749
Train Loss 0.722
Train Loss 0.795
Train Loss 0.757
Train Loss 0.722
Train Loss 0.742
Train Loss 0.775
Epoch  13 | Time   529 | Train Loss 0.7440 | Test Loss 0.001 | Test Error 15.92
Train Loss 0.076
Train Loss 0.694
Train Loss 0.725
Train Loss 0.709
Train Loss 0.736
Train Loss 0.718
Train Loss 0.725
Train Loss 0.739
Epoch  14 | Time   516 | Train Loss 0.7018 | Test Loss 0.000 | Test Error 15.94
Train Loss 0.063
Train Loss 0.704
Train Loss 0.692
Train Loss 0.679
Train Loss 0.738
Train Loss 0.721
Train Loss 0.738
Train Loss 0.723
Epoch  15 | Time   516 | Train Loss 0.7455 | Test Loss 0.001 | Test Error 19.83
Train Loss 0.066
Train Loss 0.697
Train Loss 0.700
Train Loss 0.693
Train Loss 0.734
Train Loss 0.685
Train Loss 0.742
Train Loss 0.701
Epoch  16 | Time   516 | Train Loss 0.7109 | Test Loss 0.001 | Test Error 19.37
Train Loss 0.055
Train Loss 0.700
Train Loss 0.719
Train Loss 0.685
Train Loss 0.662
Train Loss 0.662
Train Loss 0.684
Train Loss 0.722
Epoch  17 | Time   517 | Train Loss 0.6787 | Test Loss 0.000 | Test Error 15.82
Train Loss 0.051
Train Loss 0.655
Train Loss 0.677
Train Loss 0.690
Train Loss 0.664
Train Loss 0.673
Train Loss 0.714
Train Loss 0.725
Epoch  18 | Time   515 | Train Loss 0.7183 | Test Loss 0.001 | Test Error 17.38
Train Loss 0.072
Train Loss 0.695
Train Loss 0.643
Train Loss 0.682
Train Loss 0.698
Train Loss 0.712
Train Loss 0.689
Train Loss 0.675
Epoch  19 | Time   514 | Train Loss 0.6727 | Test Loss 0.001 | Test Error 20.74
Train Loss 0.070
Train Loss 0.672
Train Loss 0.676
Train Loss 0.678
Train Loss 0.670
Train Loss 0.680
Train Loss 0.668
Train Loss 0.643
Epoch  20 | Time   515 | Train Loss 0.6624 | Test Loss 0.001 | Test Error 16.47
Train Loss 0.063
Train Loss 0.710
Train Loss 0.710
Train Loss 0.667
Train Loss 0.694
Train Loss 0.669
Train Loss 0.676
Train Loss 0.657
Epoch  21 | Time   516 | Train Loss 0.6752 | Test Loss 0.000 | Test Error 16.29
Train Loss 0.068
Train Loss 0.639
Train Loss 0.698
Train Loss 0.672
Train Loss 0.647
Train Loss 0.678
Train Loss 0.698
Train Loss 0.684
Epoch  22 | Time   515 | Train Loss 0.6599 | Test Loss 0.000 | Test Error 15.64
Train Loss 0.051
Train Loss 0.688
Train Loss 0.636
Train Loss 0.620
Train Loss 0.656
Train Loss 0.685
Train Loss 0.626
Train Loss 0.673
Epoch  23 | Time   518 | Train Loss 0.6973 | Test Loss 0.000 | Test Error 14.74
Train Loss 0.073
Train Loss 0.624
Train Loss 0.684
Train Loss 0.651
Train Loss 0.639
Train Loss 0.696
Train Loss 0.644
Train Loss 0.659
Epoch  24 | Time   516 | Train Loss 0.6656 | Test Loss 0.000 | Test Error 15.01
Train Loss 0.065
Train Loss 0.629
Train Loss 0.648
Train Loss 0.641
Train Loss 0.642
Train Loss 0.657
Train Loss 0.668
Train Loss 0.647
Epoch  25 | Time   517 | Train Loss 0.5968 | Test Loss 0.000 | Test Error 14.19
Train Loss 0.065
Train Loss 0.653
Train Loss 0.629
Train Loss 0.639
Train Loss 0.604
Train Loss 0.652
Train Loss 0.655
Train Loss 0.622
Epoch  26 | Time   514 | Train Loss 0.6593 | Test Loss 0.000 | Test Error 16.20
Train Loss 0.061
Train Loss 0.639
Train Loss 0.662
Train Loss 0.633
Train Loss 0.654
Train Loss 0.619
Train Loss 0.646
Train Loss 0.613
Epoch  27 | Time   518 | Train Loss 0.6545 | Test Loss 0.000 | Test Error 13.64
Train Loss 0.079
Train Loss 0.622
Train Loss 0.639
Train Loss 0.621
Train Loss 0.655
Train Loss 0.615
Train Loss 0.697
Train Loss 0.631
Epoch  28 | Time   515 | Train Loss 0.6197 | Test Loss 0.000 | Test Error 14.00
Train Loss 0.075
Train Loss 0.663
Train Loss 0.621
Train Loss 0.623
Train Loss 0.623
Train Loss 0.656
Train Loss 0.622
Train Loss 0.624
Epoch  29 | Time   515 | Train Loss 0.6580 | Test Loss 0.000 | Test Error 14.69
Train Loss 0.064
Train Loss 0.604
Train Loss 0.630
Train Loss 0.588
Train Loss 0.635
Train Loss 0.639
Train Loss 0.631
Train Loss 0.631
Epoch  30 | Time   515 | Train Loss 0.6468 | Test Loss 0.000 | Test Error 15.86
Train Loss 0.057
Train Loss 0.630
Train Loss 0.605
Train Loss 0.640
Train Loss 0.586
Train Loss 0.618
Train Loss 0.620
Train Loss 0.638
Epoch  31 | Time   516 | Train Loss 0.5915 | Test Loss 0.000 | Test Error 15.33
Train Loss 0.056
Train Loss 0.599
Train Loss 0.633
Train Loss 0.621
Train Loss 0.629
Train Loss 0.618
Train Loss 0.656
Train Loss 0.659
Epoch  32 | Time   516 | Train Loss 0.5694 | Test Loss 0.000 | Test Error 14.80
Train Loss 0.062
Train Loss 0.563
Train Loss 0.604
Train Loss 0.616
Train Loss 0.589
Train Loss 0.586
Train Loss 0.635
Train Loss 0.619
Epoch  33 | Time   515 | Train Loss 0.5928 | Test Loss 0.000 | Test Error 16.45
Train Loss 0.059
Train Loss 0.608
Train Loss 0.578
Train Loss 0.566
Train Loss 0.615
Train Loss 0.593
Train Loss 0.632
Train Loss 0.592
Epoch  34 | Time   515 | Train Loss 0.6325 | Test Loss 0.001 | Test Error 17.30
Train Loss 0.064
Train Loss 0.560
Train Loss 0.585
Train Loss 0.578
Train Loss 0.592
Train Loss 0.616
Train Loss 0.621
Train Loss 0.599
Epoch  35 | Time   517 | Train Loss 0.6158 | Test Loss 0.000 | Test Error 12.91
Train Loss 0.055
Train Loss 0.582
Train Loss 0.599
Train Loss 0.571
Train Loss 0.611
Train Loss 0.602
Train Loss 0.606
Train Loss 0.595
Epoch  36 | Time   518 | Train Loss 0.5978 | Test Loss 0.000 | Test Error 12.78
Train Loss 0.055
Train Loss 0.558
Train Loss 0.578
Train Loss 0.588
Train Loss 0.588
Train Loss 0.606
Train Loss 0.564
Train Loss 0.577
Epoch  37 | Time   515 | Train Loss 0.5777 | Test Loss 0.000 | Test Error 14.38
Train Loss 0.051
Train Loss 0.608
Train Loss 0.643
Train Loss 0.612
Train Loss 0.612
Train Loss 0.621
Train Loss 0.614
Train Loss 0.604
Epoch  38 | Time   515 | Train Loss 0.6146 | Test Loss 0.000 | Test Error 14.01
Train Loss 0.046
Train Loss 0.562
Train Loss 0.572
Train Loss 0.575
Train Loss 0.583
Train Loss 0.588
Train Loss 0.593
Train Loss 0.596
Epoch  39 | Time   515 | Train Loss 0.6097 | Test Loss 0.000 | Test Error 15.90
Train Loss 0.050
Train Loss 0.550
Train Loss 0.553
Train Loss 0.603
Train Loss 0.558
Train Loss 0.576
Train Loss 0.609
Train Loss 0.574
Epoch  40 | Time   518 | Train Loss 0.5554 | Test Loss 0.000 | Test Error 11.28
Train Loss 0.052
Train Loss 0.557
Train Loss 0.573
Train Loss 0.575
Train Loss 0.564
Train Loss 0.606
Train Loss 0.582
Train Loss 0.589
Epoch  41 | Time   515 | Train Loss 0.5724 | Test Loss 0.000 | Test Error 13.21
Train Loss 0.057
Train Loss 0.515
Train Loss 0.576
Train Loss 0.534
Train Loss 0.599
Train Loss 0.531
Train Loss 0.539
Train Loss 0.558
Epoch  42 | Time   515 | Train Loss 0.5400 | Test Loss 0.000 | Test Error 13.93
Train Loss 0.063
Train Loss 0.535
Train Loss 0.564
Train Loss 0.548
Train Loss 0.538
Train Loss 0.546
Train Loss 0.557
Train Loss 0.530
Epoch  43 | Time   515 | Train Loss 0.5712 | Test Loss 0.000 | Test Error 12.58
Train Loss 0.058
Train Loss 0.532
Train Loss 0.555
Train Loss 0.554
Train Loss 0.549
Train Loss 0.558
Train Loss 0.591
Train Loss 0.556
Epoch  44 | Time   515 | Train Loss 0.5808 | Test Loss 0.000 | Test Error 14.09
Train Loss 0.048
Train Loss 0.511
Train Loss 0.558
Train Loss 0.537
Train Loss 0.554
Train Loss 0.533
Train Loss 0.520
Train Loss 0.580
Terminated
2026-06-03T15:54:13+01:00  queue_after_derisk done. exit=0
